ADDED 117
  + 10.1016/s0169-2046(02)00242-6  <-  Adriaensen, F., Chardon, J. P., De Blust, G.,
  + 10.1073/pnas.100126797  <-  Andelman, S. J., & Fagan, W. F. (2000). Umbre
  + 10.1098/rspb.2013.3330  <-  Aronson, M. F. J., La Sorte, F. A., Nilon, C.
  + 10.70675/7654ce21z633fz487az8505z03f17e949659  <-  Balbi, M. (2017). *Validation de la fonctionn
  + 10.1111/1365-2664.13800  <-  Balbi, M., Croci, S., Petit, E. J., Butet, A.
  + 10.1371/journal.pone.0180698  <-  Barrington-Leigh, C., & Millard-Ball, A. (201
  + 10.3390/ani10122315  <-  Barthel, L. M. F., Wehner, D., Schmidt, A., B
  + 10.1016/j.tree.2022.09.002  <-  Beger, M., Metaxas, A., Balbar, A. C., McGowa
  + 10.1111/j.1523-1739.2008.00942.x  <-  Beier, P., Majka, D. R., & Spencer, W. D. (20
  + 10.1890/0012-9658(2001)082[1893:iofcot]2.0.co;2  <-  Bélisle, M., Desrochers, A., & Fortin, M.-J. 
  + 10.1111/ele.12427  <-  Beninde, J., Veith, M., & Hochkirch, A. (2015
  + 10.1016/j.isprsjprs.2009.06.004  <-  Blaschke, T. (2010). Object based image analy
  + 10.1371/journal.pbio.1000385  <-  Boakes, E. H., McGowan, P. J. K., Fuller, R. 
  + 10.64898/2026.01.29.702234  <-  Borghi, C., Francini, S., Chiesi, L., Mancuso
  + 10.7717/peerj.9617  <-  Bowman, J., Adey, E., Angoh, S. Y. J., Baici,
  + 10.1890/13-0705.1  <-  Braaker, S., Ghazoul, J., Obrist, M. K., & Mo
  + 10.1038/s41597-022-01307-4  <-  Brown, C. F., Brumby, S. P., Guzder-Williams,
  + 10.1038/srep45571  <-  Casalegno, S., Anderson, K., Cox, D. T. C., H
  + 10.1016/j.biocon.2005.09.031  <-  Cushman, S. A. (2006). Effects of habitat los
  + 10.1086/506976  <-  Cushman, S. A., McKelvey, K. S., Hayden, J., 
  + 10.1126/science.aax8992  <-  Damschen, E. I., Brudvig, L. A., Burt, M. A.,
  + 10.1371/journal.pone.0012767  <-  Delaney, K. S., Riley, S. P. D., & Fisher, R.
  + 10.1016/j.ecolind.2017.02.028  <-  Deslauriers, M. R., Asgary, A., Nazarnia, N.,
  + 10.3389/fevo.2023.1078649  <-  Dutta, T., De Barba, M., Selva, N., Fedorca, 
  + 10.1111/ddi.70205  <-  El-Gabbas, A. (2026). A global, taxon-stratif
  + 10.1016/j.cosust.2015.05.001  <-  Elmqvist, T., Setälä, H., Handel, S., van der
  + 10.1007/s40823-016-0006-9  <-  Etherington, T. R. (2016). Least-cost modelli
  + 10.1016/0006-3207(94)00102-v  <-  Fahrig, L., Pedlar, J. H., Pope, S. E., Taylo
  + 10.1146/annurev.ecolsys.34.011802.132419  <-  Fahrig, L. (2003). Effects of habitat fragmen
  + 10.1111/jbi.12130  <-  Fahrig, L. (2013). Rethinking patch size and 
  + 10.1007/s10021-007-9038-7  <-  Fall, A., Fortin, M.-J., Manseau, M., & O'Bri
  + 10.1016/j.envsoft.2012.07.002  <-  Foltête, J.-C., Clauzel, C., & Vuidel, G. (20
  + 10.1890/120183  <-  Francis, C. D., & Barber, J. R. (2013). A fra
  + 10.2307/2412323  <-  Gabriel, K. R., & Sokal, R. R. (1969). A new 
  + 10.1016/j.biocon.2010.09.002  <-  Galpern, P., Manseau, M., & Fall, A. (2011). 
  + 10.1111/brv.12036  <-  Gaston, K. J., Bennie, J., Davies, T. W., & H
  + 10.1111/1365-2664.70007  <-  Gelmi-Candusso, T. A., Chin, A. T. M., Rupper
  + 10.1111/j.1523-1739.2010.01450.x  <-  Gilbert-Norton, L., Wilson, R., Stevens, J. R
  + 10.1126/science.1150195  <-  Grimm, N. B., Faeth, S. H., Golubiewski, N. E
  + 10.1007/s40823-025-00106-y  <-  Habrich, A. K., & Fahrig, L. (2025). Systemat
  + 10.1126/sciadv.1500052  <-  Haddad, N. M., Brudvig, L. A., Clobert, J., D
  + 10.1371/journal.pone.0033300  <-  Hale, J. D., Fairbrass, A. J., Matthews, T. J
  + 10.1016/j.biocon.2008.07.020  <-  Hamer, A. J., & McDonnell, M. J. (2008). Amph
  + 10.2307/5591  <-  Hanski, I. (1994). A practical model of metap
  + 10.1007/s13280-011-0147-3  <-  Hanski, I. (2011). Habitat loss, the dynamics
  + 10.1016/s0006-3207(00)00215-9  <-  Hels, T., & Buchwald, E. (2001). The effect o
  + 10.3390/rs9010095  <-  Inglada, J., Vincent, A., Arias, M., Tardy, B
  + 10.1111/2041-210x.12254  <-  Isaac, N. J. B., van Strien, A. J., August, T
  + 10.1111/geb.12404  <-  Ives, C. D., Lentini, P. E., Threlfall, C. G.
  + 10.1023/a:1008129329289  <-  Jaeger, J. A. G. (2000). Landscape division, 
  + 10.2307/1937156  <-  Johnson, D. H. (1980). The comparison of usag
  + 10.1016/j.landurbplan.2017.01.007  <-  Keeley, A. T. H., Beier, P., Keeley, B. W., &
  + 10.1088/1748-9326/ab3234  <-  Keeley, A. T. H., Beier, P., Creech, T., Jone
  + 10.1016/j.mex.2022.101989  <-  Kirk, H., Soanes, K., Amati, M., Bekessy, S.,
  + 10.1371/journal.pone.0011785  <-  Koen, E. L., Garroway, C. J., Wilson, P. J., 
  + 10.1111/2041-210x.12197  <-  Koen, E. L., Bowman, J., Sadowski, C., & Walp
  + 10.1007/s11676-022-01523-z  <-  Konijnendijk, C. C. (2023). Evidence-based gu
  + 10.1016/j.landurbplan.2020.103878  <-  Laliberté, J., & St-Laurent, M.-H. (2020). Va
  + 10.1046/j.1523-1739.1997.96319.x  <-  Lambeck, R. J. (1997). Focal species: a multi
  + 10.1111/1365-2435.12489  <-  LaPoint, S., Balkenhol, N., Hale, J., Sadler,
  + 10.1093/jmammal/gyae121  <-  Larson, R. N., & Sander, H. A. (2024). Variat
  + 10.1007/s10980-016-0431-5  <-  Lechner, A. M., Sprod, D., Carter, O., & Lefr
  + 10.3390/land10101065  <-  Lin, Y., An, W., Gan, M., Shahtahmassebi, A.,
  + 10.1007/s11355-024-00598-6  <-  Losada-Iglesias, R., García, A. M., Díaz-Vare
  + 10.1038/ncomms2380  <-  Loss, S. R., Will, T., & Marra, P. P. (2013).
  + 10.1073/pnas.0706568104  <-  McRae, B. H., & Beier, P. (2007). Circuit the
  + 10.1890/07-1861.1  <-  McRae, B. H., Dickson, B. G., Keitt, T. H., &
  + 10.1016/j.ecoinf.2025.103289  <-  Melis, R., Malavasi, M., Bazzichetto, M., Car
  + 10.1016/j.biocon.2018.09.028  <-  Meurant, M., Gonzalez, A., Doxa, A., & Albert
  + 10.1111/j.1523-1739.2007.00871.x  <-  Minor, E. S., & Urban, D. L. (2008). A graph-
  + 10.1007/s10531-010-9888-8  <-  Niemelä, J., Saarela, S.-R., Söderman, T., Ko
  + 10.1007/s10980-008-9271-2  <-  Ostapowicz, K., Vogt, P., Riitters, K. H., Ko
  + 10.1111/1365-2656.12386  <-  Panzacchi, M., Van Moorter, B., Strand, O., S
  + 10.1007/s10980-006-0013-z  <-  Pascual-Hortal, L., & Saura, S. (2006). Compa
  + 10.1098/rsbl.2023.0507  <-  Petrenko, J. A., Martin, P. R., Fanelli, R. E
  + 10.1007/s10980-008-9303-y  <-  Pinto, N., & Keitt, T. H. (2009). Beyond the 
  + 10.1371/journal.pone.0083912  <-  Poor, E. E., Jakes, A., Loucks, C., & Suitor,
  + 10.1111/2041-210x.14444  <-  Prima, M.-C., et al. (2024). A comprehensive 
  + 10.3390/rs8060488  <-  Radoux, J., Chomé, G., Jacques, D. C., Waldne
  + 10.1007/s10980-009-9436-7  <-  Rayfield, B., Fortin, M.-J., & Fall, A. (2010
  + 10.1890/09-2190.1  <-  Rayfield, B., Fortin, M.-J., & Fall, A. (2011
  + 10.1007/s10980-024-01873-5  <-  Rezvani, A., Hemami, M.-R., Goheen, J. R., Ka
  + 10.2307/3078900  <-  Ricketts, T. H. (2001). The matrix matters: e
  + 10.1111/j.1523-1739.2004.00450.x  <-  Roberge, J.-M., & Angelstam, P. (2004). Usefu
  + 10.1111/j.1442-9993.2009.01945.x  <-  Robertson, O. J., & Radford, J. Q. (2009). Ga
  + 10.1016/j.landurbplan.2007.03.005  <-  Saura, S., & Pascual-Hortal, L. (2007). A new
  + 10.1016/j.envsoft.2008.05.005  <-  Saura, S., & Torné, J. (2009). Conefor Sensin
  + 10.1111/j.1600-0587.2009.05760.x  <-  Saura, S., & Rubio, L. (2010). A common curre
  + 10.1016/j.ecolind.2010.06.011  <-  Saura, S., Estreguil, C., Mouton, C., & Rodrí
  + 10.1111/1365-2664.12179  <-  Saura, S., Bodin, Ö., & Fortin, M.-J. (2014).
  + 10.1111/j.1365-2664.2011.01970.x  <-  Sawyer, S. C., Epps, C. W., & Brashares, J. S
  + 10.1073/pnas.1211658109  <-  Seto, K. C., Güneralp, B., & Hutyra, L. R. (2
  + 10.1016/j.ecoinf.2018.02.002  <-  Shirabe, T. (2018). Buffered or bundled, leas
  + 10.1016/j.patrec.2008.10.015  <-  Soille, P., & Vogt, P. (2009). Morphological 
  + 10.3406/revec.2018.1949  <-  Sordello, R., Conruyt-Rogeon, G., Merlet, F.,
  + 10.1111/j.1365-294x.2010.04657.x  <-  Spear, S. F., Balkenhol, N., Fortin, M.-J., M
  + 10.1371/journal.pone.0112119  <-  Stevenson-Holt, C. D., Watts, K., Bellamy, C.
  + 10.1016/j.biocon.2023.110384  <-  Tälle, M., Ranius, T., & Öckinger, E. (2023).
  + 10.2307/3544927  <-  Taylor, P. D., Fahrig, L., Henein, K., & Merr
  + 10.1016/0031-3203(80)90066-7  <-  Toussaint, G. T. (1980). The relative neighbo
  + 10.1111/j.1365-2664.2009.01717.x  <-  Tremblay, M. A., & St. Clair, C. C. (2009). F
  + 10.1046/j.1523-1739.2000.99084.x  <-  Trombulak, S. C., & Frissell, C. A. (2000). R
  + 10.18356/b9e995fe-en  <-  UN DESA (2018). *World Urbanization Prospects
  + 10.1890/0012-9658(2001)082[1205:lcagtp]2.0.co;2  <-  Urban, D., & Keitt, T. (2001). Landscape conn
  + 10.1111/j.1461-0248.2008.01271.x  <-  Urban, D. L., Minor, E. S., Treml, E. A., & S
  + 10.3390/rs14164101  <-  Venter, Z. S., Barton, D. N., Chakraborty, T.
  + 10.1016/j.biocon.2011.11.002  <-  Vergnes, A., Le Viol, I., & Clergeau, P. (201
  + 10.1016/j.jnc.2011.08.001  <-  Vimal, R., Mathevet, R., & Thompson, J. (2012
  + 10.1007/s10980-006-9013-2  <-  Vogt, P., Riitters, K. H., Estreguil, C., Koz
  + 10.1080/22797254.2017.1330650  <-  Vogt, P., & Riitters, K. (2017). GuidosToolbo
  + 10.1016/j.isprsjprs.2022.06.008  <-  Wang, L., Li, R., Zhang, C., Fang, S., Duan, 
  + 10.1007/s10980-010-9507-9  <-  Watts, K., Eycott, A. E., Handley, P., Ray, D
  + 10.2307/3545811  <-  With, K. A., Gardner, R. H., & Turner, M. G. 
  + 10.3389/fevo.2022.830822  <-  Wood, S. L. R., Martins, K. T., Dumais-Lalond
  + 10.1016/j.rse.2024.114316  <-  Xu, P., Tsendbazar, N.-E., Herold, M., de Bru
  + 10.1186/2051-3933-2-1  <-  Zeigler, S. L., & Fagan, W. F. (2014). Transi
  + 10.1007/s10980-012-9737-0  <-  Zeller, K. A., McGarigal, K., & Whiteley, A. 

SKIPPED 16
  - Albert, C. H., & Chaurant, J. (2018). Comment choisir l :: low-match 'Comment gérer la lumière artificielle dans le'
  - Cerema, direction territoriale Sud-Ouest (2025). *Ident :: low-match 'rapport-de-mission-rapport-de-mission-au-para'
  - Commission européenne (2020). *Stratégie de l'UE en fav :: low-match 'L’Office français de la biodiversité au cœur '
  - ESA WorldCover consortium (2021). *ESA WorldCover Produ :: low-match 'Figure 7: Land cover composition around fish '
  - Goicolea, T., et al. (2021). Randomized shortest paths  :: low-match 'Distributed Exact Weighted All-Pairs Shortest'
  - MacArthur, R. H., & Wilson, E. O. (1967). *The Theory o :: low-match 'Biogeography and Ecology in a New Setting:
  '
  - Macdonald, D. W., & Barrett, P. (2005). *Guide complet  :: low-match 'Allal, L., Bain, D. et Perrenoud, P. (dir.) ('
  - Manly, B. F. J., McDonald, L. L., Thomas, D. L., McDona :: low-match '<b>Resource Selection by Animals: Statistical'
  - Pechanec, V., et al. (2025). Comparaison de méthodes d' :: low-match 'Évaluation de l’efficacité de méthodes d’ingé'
  - Pottier, G. (2016). *Les reptiles des Pyrénées*. MNHN,  :: low-match 'Au-delà des Pyrénées'
  - Pundsack, M., Merkens, L., Weisser, W. W., & Mimet, A.  :: low-match 'A Copernicus pipeline to create a highly reso'
  - Quiblier (Fédération des Parcs naturels régionaux de Fr :: low-match 'Les parcs naturels régionaux : une institutio'
  - Secrétariat de la Convention sur la diversité biologiqu :: low-match 'Lignes directrices sur l'évaluation écologiqu'
  - Sordello, R., Comolet-Titman, J., De Massary, J.-C., Du :: low-match 'Prise en compte des espèces de cohérence nati'
  - Vacher, J.-P., & Geniez, M. (2010). *Les reptiles de Fr :: low-match 'Julien Barataud (2025) Acoustique des sautere'
  - Zanaga, D., Van De Kerchove, R., De Keersmaecker, W., e :: low-match 'Mapping forest canopy height over Europe by i'